Microchip MPLAB XC8 Compiler V1.37 ()

Linker command line:

-W-3 --edf=C:\Program Files (x86)\Microchip\xc8\v1.37\dat\en_msgs.txt -cs \
  -h+dist/default/production\Manchester_18F.X.production.sym \
  --cmf=dist/default/production\Manchester_18F.X.production.cmf -z \
  -Q18LF2520 -oC:\Users\Jim\AppData\Local\Temp\s6dg.2 \
  -Mdist/default/production/Manchester_18F.X.production.map -E1 -ver=XC8 \
  -ASTACK=0580h-05ffh -pstack=STACK -ACODE=00h-07FFFh -ACONST=00h-07FFFh \
  -ASMALLCONST=0600h-06FFhx122 -AMEDIUMCONST=0600h-07FFFh -ACOMRAM=01h-07Fh \
  -AABS1=00h-05FFh -ABIGRAM=01h-05FFh -ARAM=080h-0FFh,0100h-01FFhx5 \
  -ABANK0=080h-0FFh -ABANK1=0100h-01FFh -ABANK2=0200h-02FFh \
  -ABANK3=0300h-03FFh -ABANK4=0400h-04FFh -ABANK5=0500h-05FFh \
  -ASFR=0F80h-0FFFh \
  -preset_vec=00h,intcode=08h,intcodelo,powerup,init,end_init \
  -pramtop=0600h -psmallconst=SMALLCONST -pmediumconst=MEDIUMCONST \
  -pconst=CONST -AFARRAM=00h-00h -ACONFIG=0300000h-030000Dh -pconfig=CONFIG \
  -AIDLOC=0200000h-0200007h -pidloc=IDLOC -AEEDATA=0F00000h-0F000FFh \
  -peeprom_data=EEDATA \
  -prdata=COMRAM,nvrram=COMRAM,nvbit=COMRAM,rbss=COMRAM,rbit=COMRAM \
  -pfarbss=FARRAM,fardata=FARRAM,nvFARRAM=FARRAM \
  -pintsave_regs=BIGRAM,bigbss=BIGRAM,bigdata=BIGRAM -pbss=RAM \
  -pidata=CODE,irdata=CODE,ibigdata=CODE,ifardata=CODE -prparam=COMRAM \
  C:\Users\Jim\AppData\Local\Temp\s6dg.obj \
  dist/default/production\Manchester_18F.X.production.obj 

Object code version is 3.11

Machine type is 18LF2520

Call graph: (short form)




                Name                               Link     Load   Length Selector   Space Scale
C:\Users\Jim\AppData\Local\Temp\s6dg.obj
                end_init                             92       92        4        4       0
                reset_vec                             0        0        4        0       0
                idloc                            200000   200000        8   200000       0
                config                           300000   300000        E   300000       0
dist/default/production\Manchester_18F.X.production.obj
                intcode                               8        8       8A        4       0
                temp                                 41       41        1        1       1
                mediumconst                        7DFE     7DFE      202     3EFF       0
                text21                              84E      84E       60        4       0
                text20                              952      952       4A        4       0
                text19                              A1A      A1A       34        4       0
                text18                              536      536      138        4       0
                text17                              8AE      8AE       54        4       0
                text16                              A4E      A4E       2E        4       0
                text15                              AF0      AF0       10        4       0
                text14                              ABA      ABA       16        4       0
                text13                              B16      B16        A        4       0
                text12                              B00      B00        C        4       0
                text11                              AE0      AE0       10        4       0
                text10                              AD0      AD0       10        4       0
                text9                               B0C      B0C        A        4       0
                text8                               A7C      A7C       24        4       0
                text7                               9E2      9E2       38        4       0
                text6                               7B8      7B8       96        4       0
                text5                               902      902       50        4       0
                text4                                96       96      25E        4       0
                text3                               AA0      AA0       1A        4       0
                text2                               66E      66E       A8        4       0
                text1                               716      716       A2        4       0
                text0                               2F4      2F4      242        4       0
                cstackCOMRAM                          1        1       3A        1       1
                bssBIGRAM                           180      180      400      180       1
                bssBANK1                            100      100       80      100       1
                bssBANK0                             80       80       40       80       1
                bssCOMRAM                            3B       3B        6        1       1
                cinit                               99C      99C       46        4       0

TOTAL           Name                               Link     Load   Length     Space
        CLASS   STACK          

        CLASS   CODE           
                end_init                             92       92        4         0
                intcode                               8        8       8A         0
                reset_vec                             0        0        4         0
                text21                              84E      84E       60         0
                text20                              952      952       4A         0
                text19                              A1A      A1A       34         0
                text18                              536      536      138         0
                text17                              8AE      8AE       54         0
                text16                              A4E      A4E       2E         0
                text15                              AF0      AF0       10         0
                text14                              ABA      ABA       16         0
                text13                              B16      B16        A         0
                text12                              B00      B00        C         0
                text11                              AE0      AE0       10         0
                text10                              AD0      AD0       10         0
                text9                               B0C      B0C        A         0
                text8                               A7C      A7C       24         0
                text7                               9E2      9E2       38         0
                text6                               7B8      7B8       96         0
                text5                               902      902       50         0
                text4                                96       96      25E         0
                text3                               AA0      AA0       1A         0
                text2                               66E      66E       A8         0
                text1                               716      716       A2         0
                text0                               2F4      2F4      242         0
                cinit                               99C      99C       46         0

        CLASS   CONST          

        CLASS   SMALLCONST     

        CLASS   MEDIUMCONST    
                mediumconst                        7DFE     7DFE      202         0

        CLASS   COMRAM         
                temp                                 41       41        1         1
                cstackCOMRAM                          1        1       3A         1
                bssCOMRAM                            3B       3B        6         1

        CLASS   ABS1           

        CLASS   BIGRAM         
                bssBIGRAM                           180      180      400         1

        CLASS   RAM            

        CLASS   BANK0          
                bssBANK0                             80       80       40         1

        CLASS   BANK1          
                bssBANK1                            100      100       80         1

        CLASS   BANK2          

        CLASS   BANK3          

        CLASS   BANK4          

        CLASS   BANK5          

        CLASS   SFR            

        CLASS   FARRAM         

        CLASS   CONFIG         
                config                           300000   300000        E         0

        CLASS   IDLOC          
                idloc                            200000   200000        8         0

        CLASS   EEDATA         



SEGMENTS        Name                           Load    Length   Top    Selector   Space  Class

                reset_vec                      000000  000004  000004         0       0  CODE    
                cstackCOMRAM                   000001  000041  000042         1       1  COMRAM  
                intcode                        000008  000B18  000B20         4       0  CODE    
                bssBANK0                       000080  000040  0000C0        80       1  BANK0   
                bssBANK1                       000100  000080  000180       100       1  BANK1   
                bssBIGRAM                      000180  000400  000580       180       1  BIGRAM  
                mediumconst                    007DFE  000202  008000      3EFF       0  MEDIUMCO
                idloc                          200000  000008  200008    200000       0  IDLOC   
                config                         300000  00000E  30000E    300000       0  CONFIG  


UNUSED ADDRESS RANGES

        Name                Unused          Largest block    Delta
        BANK0            0000C0-0000FF               40
        BANK5            000580-0005FF               80
        BIGRAM           000042-00007F               3E
                         0000C0-0000FF               40
                         000580-0005FF               80
        CODE             000004-000007                4
                         000B20-007DFD             72DE
        COMRAM           000042-00007F               3E
        CONST            000004-000007                4
                         000B20-007DFD             72DE
        EEDATA           F00000-F000FF              100
        MEDIUMCONST      000B20-007DFD             72DE
        RAM              0000C0-0000FF               40
                         000580-0005FF               80
        SFR              000F80-000FFF               80
        SMALLCONST       000B20-007DFD              100
        STACK            000580-0005FF               80

                                  Symbol Table

?_CRCcalculate                     cstackCOMRAM 00001C
?_createDataPacket                 cstackCOMRAM 00000F
?_getTwosComplement                cstackCOMRAM 00000F
?_update_crc_16                    cstackCOMRAM 00000F
CRCcalculate@CRCresult             cstackCOMRAM 00001F
CRCcalculate@i                     cstackCOMRAM 000021
CRCcalculate@message               cstackCOMRAM 00001C
CRCcalculate@nBytes                cstackCOMRAM 00001E
DelayMs@count                      cstackCOMRAM 00000F
DelayMs@downCount                  cstackCOMRAM 000012
DelayMs@i                          cstackCOMRAM 000011
_ADCON0                            (abs)        000FC2
_ADCON1                            (abs)        000FC1
_CRCcalculate                      text20       000952
_DelayMs                           text19       000A1A
_INTCON                            (abs)        000FF2
_INTCON2                           (abs)        000FF1
_INTCON2bits                       (abs)        000FF1
_INTCONbits                        (abs)        000FF2
_LATAbits                          (abs)        000F89
_PIR1bits                          (abs)        000F9E
_PORTAbits                         (abs)        000F80
_PORTB                             (abs)        000F81
_PORTBbits                         (abs)        000F81
_PORTBreg                          bssCOMRAM    00003F
_SSPADD                            (abs)        000FC8
_SSPBUF                            (abs)        000FC9
_SSPCON1                           (abs)        000FC6
_SSPCON1bits                       (abs)        000FC6
_SSPCON2bits                       (abs)        000FC5
_SSPSTAT                           (abs)        000FC7
_TRISA                             (abs)        000F92
_TRISB                             (abs)        000F93
_TRISC                             (abs)        000F94
_TXSTAbits                         (abs)        000FAC
__CFG_BOREN$OFF                    (abs)        000000
__CFG_CCP2MX$PORTC                 (abs)        000000
__CFG_CP0$OFF                      (abs)        000000
__CFG_CP1$OFF                      (abs)        000000
__CFG_CP2$OFF                      (abs)        000000
__CFG_CP3$OFF                      (abs)        000000
__CFG_DEBUG$OFF                    (abs)        000000
__CFG_FCMEN$OFF                    (abs)        000000
__CFG_IESO$OFF                     (abs)        000000
__CFG_LPT1OSC$OFF                  (abs)        000000
__CFG_LVP$OFF                      (abs)        000000
__CFG_MCLRE$ON                     (abs)        000000
__CFG_OSC$HS                       (abs)        000000
__CFG_PBADEN$OFF                   (abs)        000000
__CFG_PWRT$ON                      (abs)        000000
__CFG_STVREN$OFF                   (abs)        000000
__CFG_WDT$OFF                      (abs)        000000
__CFG_XINST$OFF                    (abs)        000000
__HRAM                             (abs)        000000
__Habs1                            abs1         000000
__Hbank0                           bank0        000000
__Hbank1                           bank1        000000
__Hbank2                           bank2        000000
__Hbank3                           bank3        000000
__Hbank4                           bank4        000000
__Hbank5                           bank5        000000
__Hbigbss                          bigbss       000000
__Hbigdata                         bigdata      000000
__Hbigram                          bigram       000000
__Hbss                             bss          000000
__HbssBANK0                        bssBANK0     000000
__HbssBANK1                        bssBANK1     000000
__HbssBIGRAM                       bssBIGRAM    000000
__HbssCOMRAM                       bssCOMRAM    000000
__Hcinit                           cinit        000000
__Hclrtext                         clrtext      000000
__Hcomram                          comram       000000
__Hconfig                          config       30000E
__Hconst                           const        000000
__HcstackCOMRAM                    cstackCOMRAM 000000
__Hdata                            data         000000
__Heeprom_data                     eeprom_data  000000
__Hend_init                        end_init     000096
__Hfarbss                          farbss       000000
__Hfardata                         fardata      000000
__Hibigdata                        ibigdata     000000
__Hidata                           idata        000000
__Hidloc                           idloc        200008
__Hifardata                        ifardata     000000
__Hinit                            init         000092
__Hintcode                         intcode      000092
__Hintcode_body                    intcode_body 000000
__Hintcodelo                       intcodelo    000092
__Hintentry                        intentry     000000
__Hintret                          intret       000000
__Hintsave_regs                    intsave_regs 000000
__Hirdata                          irdata       000000
__Hmediumconst                     mediumconst  008000
__HnvFARRAM                        nvFARRAM     000000
__Hnvbit                           nvbit        000000
__Hnvrram                          nvrram       000000
__Hparam                           rparam       000000
__Hpowerup                         powerup      000092
__Hram                             ram          000000
__Hramtop                          ramtop       000600
__Hrbit                            rbit         000000
__Hrbss                            rbss         000000
__Hrdata                           rdata        000000
__Hreset_vec                       reset_vec    000004
__Hrparam                          rparam       000000
__Hsfr                             sfr          000000
__Hsmallconst                      smallconst   000000
__Hspace_0                         (abs)        30000E
__Hspace_1                         (abs)        000580
__Hspace_2                         (abs)        000000
__Hstack                           stack        000000
__Hstruct                          struct       000000
__Htemp                            temp         000042
__Htext                            text         000000
__Htext0                           text0        000000
__Htext1                           text1        000000
__Htext10                          text10       000000
__Htext11                          text11       000000
__Htext12                          text12       000000
__Htext13                          text13       000000
__Htext14                          text14       000000
__Htext15                          text15       000000
__Htext16                          text16       000000
__Htext17                          text17       000000
__Htext18                          text18       000000
__Htext19                          text19       000000
__Htext2                           text2        000000
__Htext20                          text20       000000
__Htext21                          text21       000000
__Htext3                           text3        000000
__Htext4                           text4        000000
__Htext5                           text5        000000
__Htext6                           text6        000000
__Htext7                           text7        000000
__Htext8                           text8        000000
__Htext9                           text9        000000
__LRAM                             (abs)        000001
__Labs1                            abs1         000000
__Lbank0                           bank0        000000
__Lbank1                           bank1        000000
__Lbank2                           bank2        000000
__Lbank3                           bank3        000000
__Lbank4                           bank4        000000
__Lbank5                           bank5        000000
__Lbigbss                          bigbss       000000
__Lbigdata                         bigdata      000000
__Lbigram                          bigram       000000
__Lbss                             bss          000000
__LbssBANK0                        bssBANK0     000000
__LbssBANK1                        bssBANK1     000000
__LbssBIGRAM                       bssBIGRAM    000000
__LbssCOMRAM                       bssCOMRAM    000000
__Lcinit                           cinit        000000
__Lclrtext                         clrtext      000000
__Lcomram                          comram       000000
__Lconfig                          config       300000
__Lconst                           const        000000
__LcstackCOMRAM                    cstackCOMRAM 000000
__Ldata                            data         000000
__Leeprom_data                     eeprom_data  000000
__Lend_init                        end_init     000092
__Lfarbss                          farbss       000000
__Lfardata                         fardata      000000
__Libigdata                        ibigdata     000000
__Lidata                           idata        000000
__Lidloc                           idloc        200000
__Lifardata                        ifardata     000000
__Linit                            init         000092
__Lintcode                         intcode      000008
__Lintcode_body                    intcode_body 000000
__Lintcodelo                       intcodelo    000092
__Lintentry                        intentry     000000
__Lintret                          intret       000000
__Lintsave_regs                    intsave_regs 000000
__Lirdata                          irdata       000000
__Lmediumconst                     mediumconst  007DFE
__LnvFARRAM                        nvFARRAM     000000
__Lnvbit                           nvbit        000000
__Lnvrram                          nvrram       000000
__Lparam                           rparam       000000
__Lpowerup                         powerup      000092
__Lram                             ram          000000
__Lramtop                          ramtop       000600
__Lrbit                            rbit         000000
__Lrbss                            rbss         000000
__Lrdata                           rdata        000000
__Lreset_vec                       reset_vec    000000
__Lrparam                          rparam       000000
__Lsfr                             sfr          000000
__Lsmallconst                      smallconst   000000
__Lspace_0                         (abs)        000000
__Lspace_1                         (abs)        000000
__Lspace_2                         (abs)        000000
__Lstack                           stack        000000
__Lstruct                          struct       000000
__Ltemp                            temp         000041
__Ltext                            text         000000
__Ltext0                           text0        000000
__Ltext1                           text1        000000
__Ltext10                          text10       000000
__Ltext11                          text11       000000
__Ltext12                          text12       000000
__Ltext13                          text13       000000
__Ltext14                          text14       000000
__Ltext15                          text15       000000
__Ltext16                          text16       000000
__Ltext17                          text17       000000
__Ltext18                          text18       000000
__Ltext19                          text19       000000
__Ltext2                           text2        000000
__Ltext20                          text20       000000
__Ltext21                          text21       000000
__Ltext3                           text3        000000
__Ltext4                           text4        000000
__Ltext5                           text5        000000
__Ltext6                           text6        000000
__Ltext7                           text7        000000
__Ltext8                           text8        000000
__Ltext9                           text9        000000
__S0                               (abs)        30000E
__S1                               (abs)        000580
__S2                               (abs)        000000
___inthi_sp                        stack        000000
___intlo_sp                        stack        000000
___param_bank                      (abs)        000010
___rparam_used                     (abs)        000001
___sp                              stack        000000
__accesstop                        (abs)        000080
__activetblptr                     (abs)        000002
__end_of_CRCcalculate              text20       00099C
__end_of_DelayMs                   text19       000A4E
__end_of__initialization           cinit        0009D4
__end_of_crc_tab16                 mediumconst  007FFF
__end_of_createDataPacket          text18       00066E
__end_of_getTwosComplement         text17       000902
__end_of_i2c_GetAcknowledge        text12       000B0C
__end_of_i2c_ReadByte              text15       000B00
__end_of_i2c_SendAcknowledge       text14       000AD0
__end_of_i2c_SendByte              text11       000AF0
__end_of_i2c_SendControlByte       text10       000AE0
__end_of_i2c_Start                 text9        000B16
__end_of_i2c_Stop                  text13       000B20
__end_of_init                      text16       000A7C
__end_of_initMMA8452               text4        0002F4
__end_of_initialize_I2C            text3        000ABA
__end_of_isr                       intcode      000092
__end_of_main                      text0        000536
__end_of_readRegisters             text6        00084E
__end_of_sendREADcommand           text8        000AA0
__end_of_setRegister               text7        000A1A
__end_of_update_crc_16             text21       0008AE
__end_of_writeByteToRegister       text5        000952
__end_of_xmitBreak                 text2        000716
__end_of_xmitPacket                text1        0007B8
__initialization                   cinit        00099C
__mediumconst                      mediumconst  007DFE
__pbssBANK0                        bssBANK0     000080
__pbssBANK1                        bssBANK1     000100
__pbssBIGRAM                       bssBIGRAM    000180
__pbssCOMRAM                       bssCOMRAM    00003B
__pcinit                           cinit        00099C
__pcstackCOMRAM                    cstackCOMRAM 000001
__pintcode                         intcode      000008
__pmediumconst                     mediumconst  007DFE
__ptext0                           text0        0002F4
__ptext1                           text1        000716
__ptext10                          text10       000AD0
__ptext11                          text11       000AE0
__ptext12                          text12       000B00
__ptext13                          text13       000B16
__ptext14                          text14       000ABA
__ptext15                          text15       000AF0
__ptext16                          text16       000A4E
__ptext17                          text17       0008AE
__ptext18                          text18       000536
__ptext19                          text19       000A1A
__ptext2                           text2        00066E
__ptext20                          text20       000952
__ptext21                          text21       00084E
__ptext3                           text3        000AA0
__ptext4                           text4        000096
__ptext5                           text5        000902
__ptext6                           text6        0007B8
__ptext7                           text7        0009E2
__ptext8                           text8        000A7C
__ptext9                           text9        000B0C
__ramtop                           ramtop       000600
__size_of_CRCcalculate             (abs)        000000
__size_of_DelayMs                  (abs)        000000
__size_of_createDataPacket         (abs)        000000
__size_of_getTwosComplement        (abs)        000000
__size_of_i2c_GetAcknowledge       (abs)        000000
__size_of_i2c_ReadByte             (abs)        000000
__size_of_i2c_SendAcknowledge      (abs)        000000
__size_of_i2c_SendByte             (abs)        000000
__size_of_i2c_SendControlByte      (abs)        000000
__size_of_i2c_Start                (abs)        000000
__size_of_i2c_Stop                 (abs)        000000
__size_of_init                     (abs)        000000
__size_of_initMMA8452              (abs)        000000
__size_of_initialize_I2C           (abs)        000000
__size_of_isr                      (abs)        000000
__size_of_main                     (abs)        000000
__size_of_readRegisters            (abs)        000000
__size_of_sendREADcommand          (abs)        000000
__size_of_setRegister              (abs)        000000
__size_of_update_crc_16            (abs)        000000
__size_of_writeByteToRegister      (abs)        000000
__size_of_xmitBreak                (abs)        000000
__size_of_xmitPacket               (abs)        000000
__smallconst                       smallconst   000000
_arrDataPacket                     bssBIGRAM    000180
_commandBuffer                     bssBANK0     000080
_crc_tab16                         mediumconst  007DFF
_createDataPacket                  text18       000536
_getTwosComplement                 text17       0008AE
_i2c_GetAcknowledge                text12       000B00
_i2c_ReadByte                      text15       000AF0
_i2c_SendAcknowledge               text14       000ABA
_i2c_SendByte                      text11       000AE0
_i2c_SendControlByte               text10       000AD0
_i2c_Start                         text9        000B0C
_i2c_Stop                          text13       000B16
_init                              text16       000A4E
_initMMA8452                       text4        000096
_initialize_I2C                    text3        000AA0
_isr                               intcode      000008
_main                              text0        0002F4
_pushFlag                          bssCOMRAM    000040
_readRegisters                     text6        0007B8
_sendREADcommand                   text8        000A7C
_setRegister                       text7        0009E2
_testBuffer                        bssBANK1     000100
_update_crc_16                     text21       00084E
_writeByteToRegister               text5        000902
_xmitBreak                         text2        00066E
_xmitPacket                        text1        000716
btemp                              temp         000041
createDataPacket@byteMask          cstackCOMRAM 00001A
createDataPacket@dataBit           cstackCOMRAM 000018
createDataPacket@dataIndex         cstackCOMRAM 000016
createDataPacket@i                 cstackCOMRAM 000019
createDataPacket@numDataBytes      cstackCOMRAM 000011
createDataPacket@packetIndex       cstackCOMRAM 00001C
createDataPacket@previousDataBit   cstackCOMRAM 000015
createDataPacket@ptrData           cstackCOMRAM 00000F
createDataPacket@ptrPacket         cstackCOMRAM 000013
createDataPacket@state             cstackCOMRAM 00001B
end_of_initialization              cinit        0009D4
getTwosComplement@LSBbyte          cstackCOMRAM 00000F
getTwosComplement@MSBbyte          cstackCOMRAM 000014
getTwosComplement@value            cstackCOMRAM 000015
i2c_GetAcknowledge@ack             cstackCOMRAM 00000F
i2c_ReadByte@byte                  cstackCOMRAM 00000F
i2c_SendAcknowledge@status         cstackCOMRAM 00000F
i2c_SendByte@byte                  cstackCOMRAM 00000F
i2c_SendControlByte@controlByte    cstackCOMRAM 000011
i2c_SendControlByte@direction      cstackCOMRAM 000010
i2c_SendControlByte@outByte        cstackCOMRAM 000012
initMMA8452@F2758                  bssCOMRAM    00003B
initMMA8452@accelData              cstackCOMRAM 000021
initMMA8452@commandByte            cstackCOMRAM 000025
int$flags                          temp         000041
intlevel0                          text         000000
intlevel1                          text         000000
intlevel2                          text         000000
intlevel3                          text         000000
main@accelerometerBuffer           cstackCOMRAM 000029
main@convert                       cstackCOMRAM 000038
main@i                             cstackCOMRAM 00003A
main@initResult                    cstackCOMRAM 000026
main@interruptSource               cstackCOMRAM 000037
main@motionDetection               cstackCOMRAM 000036
main@numBytesToSend                cstackCOMRAM 000027
main@rawVectx                      cstackCOMRAM 00002F
main@rawVecty                      cstackCOMRAM 000031
main@rawVectz                      cstackCOMRAM 000033
main@sysModRegister                cstackCOMRAM 000035
readRegisters@deviceID             cstackCOMRAM 00001F
readRegisters@deviceREGISTER       cstackCOMRAM 000015
readRegisters@i                    cstackCOMRAM 000020
readRegisters@numRegisters         cstackCOMRAM 000016
readRegisters@registerPtr          cstackCOMRAM 000017
sendREADcommand@deviceID           cstackCOMRAM 000013
setRegister@deviceID               cstackCOMRAM 000014
setRegister@deviceREGISTER         cstackCOMRAM 000013
stackhi                            (abs)        0005FF
stacklo                            (abs)        000580
start                              init         000092
start_initialization               cinit        00099C
update_crc_16@crc                  cstackCOMRAM 00000F
update_crc_16@nextVal              cstackCOMRAM 000011
update_crc_16@shortVal             cstackCOMRAM 00001A
update_crc_16@tmp                  cstackCOMRAM 000018
writeByteToRegister@dataByte       cstackCOMRAM 000014
writeByteToRegister@deviceID       cstackCOMRAM 000015
writeByteToRegister@deviceREGISTER cstackCOMRAM 000013
xmitBreak@delayLoop                cstackCOMRAM 000011
xmitBreak@delayTime                cstackCOMRAM 000010
xmitBreak@numStartPulses           cstackCOMRAM 00000F
xmitPacket@delayLoop               cstackCOMRAM 000016
xmitPacket@delayTime               cstackCOMRAM 000015
xmitPacket@index                   cstackCOMRAM 000013
xmitPacket@numBytes                cstackCOMRAM 00000F
xmitPacket@ptrDelay                cstackCOMRAM 000011


FUNCTION INFORMATION:

 *************** function _main *****************
 Defined at:
		line 70 in file "../main.c"
 Parameters:    Size  Location     Type
		None
 Auto vars:     Size  Location     Type
  acceleromete    6   40[COMRAM] unsigned char [6]
  convert         2   55[COMRAM] struct .
  rawVectz        2   50[COMRAM] short 
  rawVecty        2   48[COMRAM] short 
  rawVectx        2   46[COMRAM] short 
  numBytesToSe    2   38[COMRAM] unsigned short 
  i               1   57[COMRAM] unsigned char 
  interruptSou    1   54[COMRAM] unsigned char 
  motionDetect    1   53[COMRAM] unsigned char 
  sysModRegist    1   52[COMRAM] unsigned char 
  initResult      1   37[COMRAM] unsigned char 
  j               1    0        unsigned char 
 Return value:  Size  Location     Type
                  1    wreg      void 
 Registers used:
		wreg, fsr2l, fsr2h, status,2, status,0, tblptrl, tblptrh, tblptru, prodl, prodh, cstack
 Tracked objects:
		On entry : 
		On exit  : 
		Unchanged: 
 Data sizes:     COMRAM   BANK0   BANK1   BANK2   BANK3   BANK4   BANK5
      Params:         0       0       0       0       0       0       0
      Locals:        21       0       0       0       0       0       0
      Temps:          0       0       0       0       0       0       0
      Totals:        21       0       0       0       0       0       0
Total ram usage:       21 bytes
 Hardware stack levels required when called:    6
 This function calls:
		_CRCcalculate
		_DelayMs
		_createDataPacket
		_getTwosComplement
		_init
		_initMMA8452
		_initialize_I2C
		_readRegisters
		_xmitBreak
		_xmitPacket
 This function is called by:
		Startup code after reset
 This function uses a non-reentrant model


 *************** function _xmitPacket *****************
 Defined at:
		line 17 in file "../transmitPacket.c"
 Parameters:    Size  Location     Type
  numBytes        2   14[COMRAM] unsigned short 
  ptrDelay        2   16[COMRAM] PTR unsigned char 
		 -> arrDataPacket(1024), 
 Auto vars:     Size  Location     Type
  index           2   18[COMRAM] unsigned short 
  delayLoop       1   21[COMRAM] unsigned char 
  delayTime       1   20[COMRAM] unsigned char 
 Return value:  Size  Location     Type
                  1    wreg      void 
 Registers used:
		wreg, fsr2l, fsr2h, status,2, status,0
 Tracked objects:
		On entry : 
		On exit  : 
		Unchanged: 
 Data sizes:     COMRAM   BANK0   BANK1   BANK2   BANK3   BANK4   BANK5
      Params:         4       0       0       0       0       0       0
      Locals:         4       0       0       0       0       0       0
      Temps:          0       0       0       0       0       0       0
      Totals:         8       0       0       0       0       0       0
Total ram usage:        8 bytes
 Hardware stack levels used:    1
 Hardware stack levels required when called:    1
 This function calls:
		Nothing
 This function is called by:
		_main
 This function uses a non-reentrant model


 *************** function _xmitBreak *****************
 Defined at:
		line 62 in file "../transmitPacket.c"
 Parameters:    Size  Location     Type
		None
 Auto vars:     Size  Location     Type
  delayLoop       1   16[COMRAM] unsigned char 
  delayTime       1   15[COMRAM] unsigned char 
  numStartPuls    1   14[COMRAM] unsigned char 
 Return value:  Size  Location     Type
                  1    wreg      void 
 Registers used:
		wreg, status,2, status,0
 Tracked objects:
		On entry : 
		On exit  : 
		Unchanged: 
 Data sizes:     COMRAM   BANK0   BANK1   BANK2   BANK3   BANK4   BANK5
      Params:         0       0       0       0       0       0       0
      Locals:         3       0       0       0       0       0       0
      Temps:          0       0       0       0       0       0       0
      Totals:         3       0       0       0       0       0       0
Total ram usage:        3 bytes
 Hardware stack levels used:    1
 Hardware stack levels required when called:    1
 This function calls:
		Nothing
 This function is called by:
		_main
 This function uses a non-reentrant model


 *************** function _initialize_I2C *****************
 Defined at:
		line 194 in file "../MMA8452_18F.c"
 Parameters:    Size  Location     Type
		None
 Auto vars:     Size  Location     Type
		None
 Return value:  Size  Location     Type
                  1    wreg      void 
 Registers used:
		wreg, status,2
 Tracked objects:
		On entry : 
		On exit  : 
		Unchanged: 
 Data sizes:     COMRAM   BANK0   BANK1   BANK2   BANK3   BANK4   BANK5
      Params:         0       0       0       0       0       0       0
      Locals:         0       0       0       0       0       0       0
      Temps:          0       0       0       0       0       0       0
      Totals:         0       0       0       0       0       0       0
Total ram usage:        0 bytes
 Hardware stack levels used:    1
 Hardware stack levels required when called:    1
 This function calls:
		Nothing
 This function is called by:
		_main
 This function uses a non-reentrant model


 *************** function _initMMA8452 *****************
 Defined at:
		line 102 in file "../MMA8452_18F.c"
 Parameters:    Size  Location     Type
		None
 Auto vars:     Size  Location     Type
  accelData       4   32[COMRAM] unsigned char [4]
  commandByte     1   36[COMRAM] unsigned char 
 Return value:  Size  Location     Type
                  1    wreg      unsigned char 
 Registers used:
		wreg, fsr2l, fsr2h, status,2, status,0, prodl, prodh, cstack
 Tracked objects:
		On entry : 
		On exit  : 
		Unchanged: 
 Data sizes:     COMRAM   BANK0   BANK1   BANK2   BANK3   BANK4   BANK5
      Params:         0       0       0       0       0       0       0
      Locals:         5       0       0       0       0       0       0
      Temps:          0       0       0       0       0       0       0
      Totals:         5       0       0       0       0       0       0
Total ram usage:        5 bytes
 Hardware stack levels used:    1
 Hardware stack levels required when called:    5
 This function calls:
		_readRegisters
		_writeByteToRegister
 This function is called by:
		_main
 This function uses a non-reentrant model


 *************** function _writeByteToRegister *****************
 Defined at:
		line 53 in file "../MMA8452_18F.c"
 Parameters:    Size  Location     Type
  deviceID        1    wreg     unsigned char 
  deviceREGIST    1   18[COMRAM] unsigned char 
  dataByte        1   19[COMRAM] unsigned char 
 Auto vars:     Size  Location     Type
  deviceID        1   20[COMRAM] unsigned char 
 Return value:  Size  Location     Type
                  1    wreg      unsigned char 
 Registers used:
		wreg, status,2, status,0, cstack
 Tracked objects:
		On entry : 
		On exit  : 
		Unchanged: 
 Data sizes:     COMRAM   BANK0   BANK1   BANK2   BANK3   BANK4   BANK5
      Params:         2       0       0       0       0       0       0
      Locals:         1       0       0       0       0       0       0
      Temps:          0       0       0       0       0       0       0
      Totals:         3       0       0       0       0       0       0
Total ram usage:        3 bytes
 Hardware stack levels used:    1
 Hardware stack levels required when called:    3
 This function calls:
		_i2c_GetAcknowledge
		_i2c_SendByte
		_i2c_SendControlByte
		_i2c_Start
		_i2c_Stop
 This function is called by:
		_initMMA8452
 This function uses a non-reentrant model


 *************** function _readRegisters *****************
 Defined at:
		line 82 in file "../MMA8452_18F.c"
 Parameters:    Size  Location     Type
  deviceID        1    wreg     unsigned char 
  deviceREGIST    1   20[COMRAM] unsigned char 
  numRegisters    1   21[COMRAM] unsigned char 
  registerPtr     2   22[COMRAM] PTR unsigned char 
		 -> initMMA8452@accelData(4), main@accelerometerBuffer(6), main@interruptSource(1), main@sysModRegister(1), 
		 -> main@motionDetection(1), 
 Auto vars:     Size  Location     Type
  deviceID        1   30[COMRAM] unsigned char 
  i               1   31[COMRAM] unsigned char 
 Return value:  Size  Location     Type
                  1    wreg      unsigned char 
 Registers used:
		wreg, fsr2l, fsr2h, status,2, status,0, prodl, prodh, cstack
 Tracked objects:
		On entry : 
		On exit  : 
		Unchanged: 
 Data sizes:     COMRAM   BANK0   BANK1   BANK2   BANK3   BANK4   BANK5
      Params:         4       0       0       0       0       0       0
      Locals:         2       0       0       0       0       0       0
      Temps:          6       0       0       0       0       0       0
      Totals:        12       0       0       0       0       0       0
Total ram usage:       12 bytes
 Hardware stack levels used:    1
 Hardware stack levels required when called:    4
 This function calls:
		_i2c_ReadByte
		_i2c_SendAcknowledge
		_i2c_Stop
		_sendREADcommand
		_setRegister
 This function is called by:
		_main
		_initMMA8452
 This function uses a non-reentrant model


 *************** function _setRegister *****************
 Defined at:
		line 33 in file "../MMA8452_18F.c"
 Parameters:    Size  Location     Type
  deviceID        1    wreg     unsigned char 
  deviceREGIST    1   18[COMRAM] unsigned char 
 Auto vars:     Size  Location     Type
  deviceID        1   19[COMRAM] unsigned char 
 Return value:  Size  Location     Type
                  1    wreg      unsigned char 
 Registers used:
		wreg, status,2, status,0, cstack
 Tracked objects:
		On entry : 
		On exit  : 
		Unchanged: 
 Data sizes:     COMRAM   BANK0   BANK1   BANK2   BANK3   BANK4   BANK5
      Params:         1       0       0       0       0       0       0
      Locals:         1       0       0       0       0       0       0
      Temps:          0       0       0       0       0       0       0
      Totals:         2       0       0       0       0       0       0
Total ram usage:        2 bytes
 Hardware stack levels used:    1
 Hardware stack levels required when called:    3
 This function calls:
		_i2c_GetAcknowledge
		_i2c_SendByte
		_i2c_SendControlByte
		_i2c_Start
 This function is called by:
		_readRegisters
 This function uses a non-reentrant model


 *************** function _sendREADcommand *****************
 Defined at:
		line 19 in file "../MMA8452_18F.c"
 Parameters:    Size  Location     Type
  deviceID        1    wreg     unsigned char 
 Auto vars:     Size  Location     Type
  deviceID        1   18[COMRAM] unsigned char 
 Return value:  Size  Location     Type
                  1    wreg      unsigned char 
 Registers used:
		wreg, status,2, status,0, cstack
 Tracked objects:
		On entry : 
		On exit  : 
		Unchanged: 
 Data sizes:     COMRAM   BANK0   BANK1   BANK2   BANK3   BANK4   BANK5
      Params:         0       0       0       0       0       0       0
      Locals:         1       0       0       0       0       0       0
      Temps:          0       0       0       0       0       0       0
      Totals:         1       0       0       0       0       0       0
Total ram usage:        1 bytes
 Hardware stack levels used:    1
 Hardware stack levels required when called:    3
 This function calls:
		_i2c_GetAcknowledge
		_i2c_SendControlByte
		_i2c_Start
 This function is called by:
		_readRegisters
 This function uses a non-reentrant model


 *************** function _i2c_Start *****************
 Defined at:
		line 223 in file "../MMA8452_18F.c"
 Parameters:    Size  Location     Type
		None
 Auto vars:     Size  Location     Type
		None
 Return value:  Size  Location     Type
                  1    wreg      void 
 Registers used:
		None
 Tracked objects:
		On entry : 
		On exit  : 
		Unchanged: 
 Data sizes:     COMRAM   BANK0   BANK1   BANK2   BANK3   BANK4   BANK5
      Params:         0       0       0       0       0       0       0
      Locals:         0       0       0       0       0       0       0
      Temps:          0       0       0       0       0       0       0
      Totals:         0       0       0       0       0       0       0
Total ram usage:        0 bytes
 Hardware stack levels used:    1
 Hardware stack levels required when called:    1
 This function calls:
		Nothing
 This function is called by:
		_sendREADcommand
		_setRegister
		_writeByteToRegister
 This function uses a non-reentrant model


 *************** function _i2c_SendControlByte *****************
 Defined at:
		line 257 in file "../MMA8452_18F.c"
 Parameters:    Size  Location     Type
  controlByte     1    wreg     unsigned char 
  direction       1   15[COMRAM] unsigned char 
 Auto vars:     Size  Location     Type
  controlByte     1   16[COMRAM] unsigned char 
  outByte         1   17[COMRAM] unsigned char 
 Return value:  Size  Location     Type
                  1    wreg      unsigned char 
 Registers used:
		wreg, status,2, status,0, cstack
 Tracked objects:
		On entry : 
		On exit  : 
		Unchanged: 
 Data sizes:     COMRAM   BANK0   BANK1   BANK2   BANK3   BANK4   BANK5
      Params:         1       0       0       0       0       0       0
      Locals:         2       0       0       0       0       0       0
      Temps:          0       0       0       0       0       0       0
      Totals:         3       0       0       0       0       0       0
Total ram usage:        3 bytes
 Hardware stack levels used:    1
 Hardware stack levels required when called:    2
 This function calls:
		_i2c_SendByte
 This function is called by:
		_sendREADcommand
		_setRegister
		_writeByteToRegister
 This function uses a non-reentrant model


 *************** function _i2c_SendByte *****************
 Defined at:
		line 244 in file "../MMA8452_18F.c"
 Parameters:    Size  Location     Type
  byte            1    wreg     unsigned char 
 Auto vars:     Size  Location     Type
  byte            1   14[COMRAM] unsigned char 
 Return value:  Size  Location     Type
                  1    wreg      unsigned char 
 Registers used:
		wreg
 Tracked objects:
		On entry : 
		On exit  : 
		Unchanged: 
 Data sizes:     COMRAM   BANK0   BANK1   BANK2   BANK3   BANK4   BANK5
      Params:         0       0       0       0       0       0       0
      Locals:         1       0       0       0       0       0       0
      Temps:          0       0       0       0       0       0       0
      Totals:         1       0       0       0       0       0       0
Total ram usage:        1 bytes
 Hardware stack levels used:    1
 Hardware stack levels required when called:    1
 This function calls:
		Nothing
 This function is called by:
		_setRegister
		_writeByteToRegister
		_i2c_SendControlByte
 This function uses a non-reentrant model


 *************** function _i2c_GetAcknowledge *****************
 Defined at:
		line 266 in file "../MMA8452_18F.c"
 Parameters:    Size  Location     Type
		None
 Auto vars:     Size  Location     Type
  ack             1   14[COMRAM] unsigned char 
 Return value:  Size  Location     Type
                  1    wreg      unsigned char 
 Registers used:
		wreg, status,2
 Tracked objects:
		On entry : 
		On exit  : 
		Unchanged: 
 Data sizes:     COMRAM   BANK0   BANK1   BANK2   BANK3   BANK4   BANK5
      Params:         0       0       0       0       0       0       0
      Locals:         1       0       0       0       0       0       0
      Temps:          0       0       0       0       0       0       0
      Totals:         1       0       0       0       0       0       0
Total ram usage:        1 bytes
 Hardware stack levels used:    1
 Hardware stack levels required when called:    1
 This function calls:
		Nothing
 This function is called by:
		_sendREADcommand
		_setRegister
		_writeByteToRegister
 This function uses a non-reentrant model


 *************** function _i2c_Stop *****************
 Defined at:
		line 214 in file "../MMA8452_18F.c"
 Parameters:    Size  Location     Type
		None
 Auto vars:     Size  Location     Type
		None
 Return value:  Size  Location     Type
                  1    wreg      void 
 Registers used:
		None
 Tracked objects:
		On entry : 
		On exit  : 
		Unchanged: 
 Data sizes:     COMRAM   BANK0   BANK1   BANK2   BANK3   BANK4   BANK5
      Params:         0       0       0       0       0       0       0
      Locals:         0       0       0       0       0       0       0
      Temps:          0       0       0       0       0       0       0
      Totals:         0       0       0       0       0       0       0
Total ram usage:        0 bytes
 Hardware stack levels used:    1
 Hardware stack levels required when called:    1
 This function calls:
		Nothing
 This function is called by:
		_writeByteToRegister
		_readRegisters
 This function uses a non-reentrant model


 *************** function _i2c_SendAcknowledge *****************
 Defined at:
		line 293 in file "../MMA8452_18F.c"
 Parameters:    Size  Location     Type
  status          1    wreg     unsigned char 
 Auto vars:     Size  Location     Type
  status          1   14[COMRAM] unsigned char 
 Return value:  Size  Location     Type
                  1    wreg      void 
 Registers used:
		wreg
 Tracked objects:
		On entry : 
		On exit  : 
		Unchanged: 
 Data sizes:     COMRAM   BANK0   BANK1   BANK2   BANK3   BANK4   BANK5
      Params:         0       0       0       0       0       0       0
      Locals:         1       0       0       0       0       0       0
      Temps:          0       0       0       0       0       0       0
      Totals:         1       0       0       0       0       0       0
Total ram usage:        1 bytes
 Hardware stack levels used:    1
 Hardware stack levels required when called:    1
 This function calls:
		Nothing
 This function is called by:
		_readRegisters
 This function uses a non-reentrant model


 *************** function _i2c_ReadByte *****************
 Defined at:
		line 276 in file "../MMA8452_18F.c"
 Parameters:    Size  Location     Type
		None
 Auto vars:     Size  Location     Type
  byte            1   14[COMRAM] unsigned char 
 Return value:  Size  Location     Type
                  1    wreg      unsigned char 
 Registers used:
		wreg, status,2
 Tracked objects:
		On entry : 
		On exit  : 
		Unchanged: 
 Data sizes:     COMRAM   BANK0   BANK1   BANK2   BANK3   BANK4   BANK5
      Params:         0       0       0       0       0       0       0
      Locals:         1       0       0       0       0       0       0
      Temps:          0       0       0       0       0       0       0
      Totals:         1       0       0       0       0       0       0
Total ram usage:        1 bytes
 Hardware stack levels used:    1
 Hardware stack levels required when called:    1
 This function calls:
		Nothing
 This function is called by:
		_readRegisters
 This function uses a non-reentrant model


 *************** function _init *****************
 Defined at:
		line 153 in file "../main.c"
 Parameters:    Size  Location     Type
		None
 Auto vars:     Size  Location     Type
		None
 Return value:  Size  Location     Type
                  1    wreg      void 
 Registers used:
		wreg, status,2
 Tracked objects:
		On entry : 
		On exit  : 
		Unchanged: 
 Data sizes:     COMRAM   BANK0   BANK1   BANK2   BANK3   BANK4   BANK5
      Params:         0       0       0       0       0       0       0
      Locals:         0       0       0       0       0       0       0
      Temps:          0       0       0       0       0       0       0
      Totals:         0       0       0       0       0       0       0
Total ram usage:        0 bytes
 Hardware stack levels used:    1
 Hardware stack levels required when called:    1
 This function calls:
		Nothing
 This function is called by:
		_main
 This function uses a non-reentrant model


 *************** function _getTwosComplement *****************
 Defined at:
		line 172 in file "../MMA8452_18F.c"
 Parameters:    Size  Location     Type
  MSBbyte         1    wreg     unsigned char 
  LSBbyte         1   14[COMRAM] unsigned char 
 Auto vars:     Size  Location     Type
  MSBbyte         1   19[COMRAM] unsigned char 
  value           2   20[COMRAM] short 
 Return value:  Size  Location     Type
                  2   14[COMRAM] short 
 Registers used:
		wreg, status,2, status,0
 Tracked objects:
		On entry : 
		On exit  : 
		Unchanged: 
 Data sizes:     COMRAM   BANK0   BANK1   BANK2   BANK3   BANK4   BANK5
      Params:         2       0       0       0       0       0       0
      Locals:         3       0       0       0       0       0       0
      Temps:          3       0       0       0       0       0       0
      Totals:         8       0       0       0       0       0       0
Total ram usage:        8 bytes
 Hardware stack levels used:    1
 Hardware stack levels required when called:    1
 This function calls:
		Nothing
 This function is called by:
		_main
 This function uses a non-reentrant model


 *************** function _createDataPacket *****************
 Defined at:
		line 223 in file "../main.c"
 Parameters:    Size  Location     Type
  ptrData         2   14[COMRAM] PTR unsigned char 
		 -> commandBuffer(64), 
  numDataBytes    2   16[COMRAM] unsigned short 
  ptrPacket       2   18[COMRAM] PTR unsigned char 
		 -> arrDataPacket(1024), 
 Auto vars:     Size  Location     Type
  packetIndex     2   27[COMRAM] unsigned short 
  dataIndex       2   21[COMRAM] unsigned short 
  state           1   26[COMRAM] unsigned char 
  byteMask        1   25[COMRAM] unsigned char 
  i               1   24[COMRAM] unsigned char 
  dataBit         1   23[COMRAM] unsigned char 
  previousData    1   20[COMRAM] unsigned char 
 Return value:  Size  Location     Type
                  2   14[COMRAM] unsigned short 
 Registers used:
		wreg, fsr2l, fsr2h, status,2, status,0
 Tracked objects:
		On entry : 
		On exit  : 
		Unchanged: 
 Data sizes:     COMRAM   BANK0   BANK1   BANK2   BANK3   BANK4   BANK5
      Params:         6       0       0       0       0       0       0
      Locals:         9       0       0       0       0       0       0
      Temps:          0       0       0       0       0       0       0
      Totals:        15       0       0       0       0       0       0
Total ram usage:       15 bytes
 Hardware stack levels used:    1
 Hardware stack levels required when called:    1
 This function calls:
		Nothing
 This function is called by:
		_main
 This function uses a non-reentrant model


 *************** function _DelayMs *****************
 Defined at:
		line 12 in file "../delay.c"
 Parameters:    Size  Location     Type
  count           2   14[COMRAM] unsigned short 
 Auto vars:     Size  Location     Type
  downCount       1   17[COMRAM] unsigned char 
  i               1   16[COMRAM] unsigned char 
 Return value:  Size  Location     Type
                  1    wreg      void 
 Registers used:
		wreg, status,2, status,0
 Tracked objects:
		On entry : 
		On exit  : 
		Unchanged: 
 Data sizes:     COMRAM   BANK0   BANK1   BANK2   BANK3   BANK4   BANK5
      Params:         2       0       0       0       0       0       0
      Locals:         2       0       0       0       0       0       0
      Temps:          0       0       0       0       0       0       0
      Totals:         4       0       0       0       0       0       0
Total ram usage:        4 bytes
 Hardware stack levels used:    1
 Hardware stack levels required when called:    1
 This function calls:
		Nothing
 This function is called by:
		_main
 This function uses a non-reentrant model


 *************** function _CRCcalculate *****************
 Defined at:
		line 107 in file "../CRC Check.c"
 Parameters:    Size  Location     Type
  message         2   27[COMRAM] PTR unsigned char 
		 -> commandBuffer(64), 
  nBytes          1   29[COMRAM] unsigned char 
 Auto vars:     Size  Location     Type
  CRCresult       2   30[COMRAM] unsigned short 
  i               1   32[COMRAM] unsigned char 
 Return value:  Size  Location     Type
                  2   27[COMRAM] unsigned short 
 Registers used:
		wreg, fsr2l, fsr2h, status,2, status,0, tblptrl, tblptrh, tblptru, prodl, prodh, cstack
 Tracked objects:
		On entry : 
		On exit  : 
		Unchanged: 
 Data sizes:     COMRAM   BANK0   BANK1   BANK2   BANK3   BANK4   BANK5
      Params:         3       0       0       0       0       0       0
      Locals:         3       0       0       0       0       0       0
      Temps:          0       0       0       0       0       0       0
      Totals:         6       0       0       0       0       0       0
Total ram usage:        6 bytes
 Hardware stack levels used:    1
 Hardware stack levels required when called:    2
 This function calls:
		_update_crc_16
 This function is called by:
		_main
 This function uses a non-reentrant model


 *************** function _update_crc_16 *****************
 Defined at:
		line 91 in file "../CRC Check.c"
 Parameters:    Size  Location     Type
  crc             2   14[COMRAM] unsigned short 
  nextVal         1   16[COMRAM] unsigned char 
 Auto vars:     Size  Location     Type
  shortVal        2   25[COMRAM] unsigned short 
  tmp             2   23[COMRAM] unsigned short 
 Return value:  Size  Location     Type
                  2   14[COMRAM] unsigned short 
 Registers used:
		wreg, status,2, status,0, tblptrl, tblptrh, tblptru
 Tracked objects:
		On entry : 
		On exit  : 
		Unchanged: 
 Data sizes:     COMRAM   BANK0   BANK1   BANK2   BANK3   BANK4   BANK5
      Params:         3       0       0       0       0       0       0
      Locals:         4       0       0       0       0       0       0
      Temps:          6       0       0       0       0       0       0
      Totals:        13       0       0       0       0       0       0
Total ram usage:       13 bytes
 Hardware stack levels used:    1
 Hardware stack levels required when called:    1
 This function calls:
		Nothing
 This function is called by:
		_CRCcalculate
 This function uses a non-reentrant model


 *************** function _isr *****************
 Defined at:
		line 210 in file "../main.c"
 Parameters:    Size  Location     Type
		None
 Auto vars:     Size  Location     Type
		None
 Return value:  Size  Location     Type
                  1    wreg      void 
 Registers used:
		wreg, status,2
 Tracked objects:
		On entry : 
		On exit  : 
		Unchanged: 
 Data sizes:     COMRAM   BANK0   BANK1   BANK2   BANK3   BANK4   BANK5
      Params:         0       0       0       0       0       0       0
      Locals:         0       0       0       0       0       0       0
      Temps:         14       0       0       0       0       0       0
      Totals:        14       0       0       0       0       0       0
Total ram usage:       14 bytes
 Hardware stack levels used:    1
 This function calls:
		Nothing
 This function is called by:
		Interrupt level 2
 This function uses a non-reentrant model



MODULE INFORMATION

Module		Function		Class		Link	Load	Size
../main.c
		_init          		CODE           	0A4E	0000	47
		_main          		CODE           	02F4	0000	579
		_isr           		CODE           	0008	0000	139
		_createDataPacket		CODE           	0536	0000	313

../main.c estimated size: 1078

../delay.c
		_DelayMs       		CODE           	0A1A	0000	53

../delay.c estimated size: 53

../CRC Check.c
		_update_crc_16 		CODE           	084E	0000	97
		_CRCcalculate  		CODE           	0952	0000	75

../CRC Check.c estimated size: 172

shared
		__initialization		CODE           	099C	0000	57
		_crc_tab16     		MEDIUMCONST    	7DFF	0000	513

shared estimated size: 570

../transmitPacket.c
		_xmitBreak     		CODE           	066E	0000	169
		_xmitPacket    		CODE           	0716	0000	163

../transmitPacket.c estimated size: 332

../MMA8452_18F.c
		_readRegisters 		CODE           	07B8	0000	151
		_writeByteToRegister		CODE           	0902	0000	81
		_i2c_SendAcknowledge		CODE           	0ABA	0000	23
		_i2c_Stop      		CODE           	0B16	0000	11
		_i2c_ReadByte  		CODE           	0AF0	0000	17
		_i2c_SendByte  		CODE           	0AE0	0000	17
		_i2c_SendControlByte		CODE           	0AD0	0000	17
		_initMMA8452   		CODE           	0096	0000	607
		_setRegister   		CODE           	09E2	0000	57
		_i2c_Start     		CODE           	0B0C	0000	11
		_getTwosComplement		CODE           	08AE	0000	85
		_i2c_GetAcknowledge		CODE           	0B00	0000	13
		_sendREADcommand		CODE           	0A7C	0000	37
		_initialize_I2C		CODE           	0AA0	0000	27

../MMA8452_18F.c estimated size: 1154

